2025-12-26 10:59:55,131 - __main__ - INFO - Starting Nexa on port 8000
2025-12-26 10:59:55,783 - app.main - INFO - Starting up Nexa backend...
2025-12-26 10:59:55,853 - watchfiles.main - INFO - 1 change detected
2025-12-26 10:59:56,204 - watchfiles.main - INFO - 1 change detected
2025-12-26 10:59:56,555 - watchfiles.main - INFO - 1 change detected
2025-12-26 10:59:56,906 - watchfiles.main - INFO - 1 change detected
2025-12-26 10:59:57,257 - watchfiles.main - INFO - 1 change detected
2025-12-26 10:59:57,476 - sqlalchemy.engine.Engine - INFO - SELECT DATABASE()
2025-12-26 10:59:57,476 - sqlalchemy.engine.Engine - INFO - [raw sql] ()
2025-12-26 10:59:57,608 - watchfiles.main - INFO - 1 change detected
2025-12-26 10:59:57,643 - sqlalchemy.engine.Engine - INFO - SELECT @@sql_mode
2025-12-26 10:59:57,643 - sqlalchemy.engine.Engine - INFO - [raw sql] ()
2025-12-26 10:59:57,728 - sqlalchemy.engine.Engine - INFO - SELECT @@lower_case_table_names
2025-12-26 10:59:57,728 - sqlalchemy.engine.Engine - INFO - [raw sql] ()
2025-12-26 10:59:57,904 - sqlalchemy.engine.Engine - INFO - BEGIN (implicit)
2025-12-26 10:59:57,905 - sqlalchemy.engine.Engine - INFO - DESCRIBE `socialconnect`.`users`
2025-12-26 10:59:57,905 - sqlalchemy.engine.Engine - INFO - [raw sql] ()
2025-12-26 10:59:57,959 - watchfiles.main - INFO - 1 change detected
2025-12-26 10:59:57,986 - sqlalchemy.engine.Engine - INFO - DESCRIBE `socialconnect`.`follows`
2025-12-26 10:59:57,986 - sqlalchemy.engine.Engine - INFO - [raw sql] ()
2025-12-26 10:59:58,066 - sqlalchemy.engine.Engine - INFO - DESCRIBE `socialconnect`.`posts`
2025-12-26 10:59:58,066 - sqlalchemy.engine.Engine - INFO - [raw sql] ()
2025-12-26 10:59:58,142 - sqlalchemy.engine.Engine - INFO - DESCRIBE `socialconnect`.`likes`
2025-12-26 10:59:58,142 - sqlalchemy.engine.Engine - INFO - [raw sql] ()
2025-12-26 10:59:58,210 - sqlalchemy.engine.Engine - INFO - DESCRIBE `socialconnect`.`comments`
2025-12-26 10:59:58,210 - sqlalchemy.engine.Engine - INFO - [raw sql] ()
2025-12-26 10:59:58,290 - sqlalchemy.engine.Engine - INFO - DESCRIBE `socialconnect`.`notifications`
2025-12-26 10:59:58,291 - sqlalchemy.engine.Engine - INFO - [raw sql] ()
2025-12-26 10:59:58,310 - watchfiles.main - INFO - 1 change detected
2025-12-26 10:59:58,372 - sqlalchemy.engine.Engine - INFO - DESCRIBE `socialconnect`.`stories`
2025-12-26 10:59:58,372 - sqlalchemy.engine.Engine - INFO - [raw sql] ()
2025-12-26 10:59:58,449 - sqlalchemy.engine.Engine - INFO - DESCRIBE `socialconnect`.`story_views`
2025-12-26 10:59:58,450 - sqlalchemy.engine.Engine - INFO - [raw sql] ()
2025-12-26 10:59:58,558 - sqlalchemy.engine.Engine - INFO - DESCRIBE `socialconnect`.`conversations`
2025-12-26 10:59:58,558 - sqlalchemy.engine.Engine - INFO - [raw sql] ()
2025-12-26 10:59:58,643 - sqlalchemy.engine.Engine - INFO - DESCRIBE `socialconnect`.`conversation_members`
2025-12-26 10:59:58,644 - sqlalchemy.engine.Engine - INFO - [raw sql] ()
2025-12-26 10:59:58,661 - watchfiles.main - INFO - 1 change detected
2025-12-26 10:59:58,717 - sqlalchemy.engine.Engine - INFO - DESCRIBE `socialconnect`.`messages`
2025-12-26 10:59:58,717 - sqlalchemy.engine.Engine - INFO - [raw sql] ()
2025-12-26 10:59:58,796 - sqlalchemy.engine.Engine - INFO - COMMIT
2025-12-26 10:59:58,953 - app.main - INFO - Database tables created
2025-12-26 10:59:58,954 - app.main - INFO - Uploads directory: uploads
2025-12-26 10:59:58,954 - app.main - INFO - Background tasks started
2025-12-26 10:59:59,012 - watchfiles.main - INFO - 1 change detected
2025-12-26 10:59:59,033 - sqlalchemy.engine.Engine - INFO - BEGIN (implicit)
2025-12-26 10:59:59,061 - sqlalchemy.engine.Engine - INFO - SELECT stories.id, stories.user_id, stories.content, stories.image_url, stories.created_at, stories.expires_at 
FROM stories 
WHERE stories.expires_at < %s
2025-12-26 10:59:59,062 - sqlalchemy.engine.Engine - INFO - [generated in 0.00034s] (datetime.datetime(2025, 12, 26, 5, 29, 58, 954556),)
2025-12-26 10:59:59,181 - sqlalchemy.engine.Engine - INFO - ROLLBACK
2025-12-26 10:59:59,363 - watchfiles.main - INFO - 1 change detected
2025-12-26 10:59:59,714 - watchfiles.main - INFO - 1 change detected
2025-12-26 11:00:00,065 - watchfiles.main - INFO - 1 change detected
2025-12-26 11:00:00,416 - watchfiles.main - INFO - 1 change detected
2025-12-26 11:00:00,767 - watchfiles.main - INFO - 1 change detected
2025-12-26 11:00:01,118 - watchfiles.main - INFO - 1 change detected
2025-12-26 11:00:01,469 - watchfiles.main - INFO - 1 change detected
2025-12-26 11:00:01,820 - watchfiles.main - INFO - 1 change detected
2025-12-26 11:00:02,171 - watchfiles.main - INFO - 1 change detected
2025-12-26 11:00:02,521 - watchfiles.main - INFO - 1 change detected
2025-12-26 11:00:02,873 - watchfiles.main - INFO - 1 change detected
2025-12-26 11:00:03,224 - watchfiles.main - INFO - 1 change detected
2025-12-26 11:00:03,574 - watchfiles.main - INFO - 1 change detected
2025-12-26 11:00:03,925 - watchfiles.main - INFO - 1 change detected
2025-12-26 11:00:04,276 - watchfiles.main - INFO - 1 change detected
2025-12-26 11:00:04,628 - watchfiles.main - INFO - 1 change detected
2025-12-26 11:00:04,979 - watchfiles.main - INFO - 1 change detected
2025-12-26 11:00:05,330 - watchfiles.main - INFO - 1 change detected
2025-12-26 11:00:05,681 - watchfiles.main - INFO - 1 change detected
2025-12-26 11:00:06,032 - watchfiles.main - INFO - 1 change detected
2025-12-26 11:00:06,383 - watchfiles.main - INFO - 1 change detected
2025-12-26 11:00:06,734 - watchfiles.main - INFO - 1 change detected
2025-12-26 11:00:07,093 - app.main - INFO - Shutting down...
2025-12-26 11:02:47,704 - __main__ - INFO - Starting Nexa on port 8000
2025-12-26 11:02:48,209 - app.main - INFO - Starting up Nexa backend...
2025-12-26 11:02:48,309 - watchfiles.main - INFO - 1 change detected
2025-12-26 11:02:48,660 - watchfiles.main - INFO - 1 change detected
2025-12-26 11:02:48,963 - sqlalchemy.engine.Engine - INFO - SELECT DATABASE()
2025-12-26 11:02:48,964 - sqlalchemy.engine.Engine - INFO - [raw sql] ()
2025-12-26 11:02:49,011 - watchfiles.main - INFO - 1 change detected
2025-12-26 11:02:49,106 - sqlalchemy.engine.Engine - INFO - SELECT @@sql_mode
2025-12-26 11:02:49,107 - sqlalchemy.engine.Engine - INFO - [raw sql] ()
2025-12-26 11:02:49,177 - sqlalchemy.engine.Engine - INFO - SELECT @@lower_case_table_names
2025-12-26 11:02:49,177 - sqlalchemy.engine.Engine - INFO - [raw sql] ()
2025-12-26 11:02:49,317 - sqlalchemy.engine.Engine - INFO - BEGIN (implicit)
2025-12-26 11:02:49,317 - sqlalchemy.engine.Engine - INFO - DESCRIBE `socialconnect`.`users`
2025-12-26 11:02:49,317 - sqlalchemy.engine.Engine - INFO - [raw sql] ()
2025-12-26 11:02:49,362 - watchfiles.main - INFO - 1 change detected
2025-12-26 11:02:49,385 - sqlalchemy.engine.Engine - INFO - DESCRIBE `socialconnect`.`follows`
2025-12-26 11:02:49,386 - sqlalchemy.engine.Engine - INFO - [raw sql] ()
2025-12-26 11:02:49,461 - sqlalchemy.engine.Engine - INFO - DESCRIBE `socialconnect`.`posts`
2025-12-26 11:02:49,462 - sqlalchemy.engine.Engine - INFO - [raw sql] ()
2025-12-26 11:02:49,542 - sqlalchemy.engine.Engine - INFO - DESCRIBE `socialconnect`.`likes`
2025-12-26 11:02:49,542 - sqlalchemy.engine.Engine - INFO - [raw sql] ()
2025-12-26 11:02:49,620 - sqlalchemy.engine.Engine - INFO - DESCRIBE `socialconnect`.`comments`
2025-12-26 11:02:49,620 - sqlalchemy.engine.Engine - INFO - [raw sql] ()
2025-12-26 11:02:49,691 - sqlalchemy.engine.Engine - INFO - DESCRIBE `socialconnect`.`notifications`
2025-12-26 11:02:49,691 - sqlalchemy.engine.Engine - INFO - [raw sql] ()
2025-12-26 11:02:49,713 - watchfiles.main - INFO - 1 change detected
2025-12-26 11:02:49,759 - sqlalchemy.engine.Engine - INFO - DESCRIBE `socialconnect`.`stories`
2025-12-26 11:02:49,759 - sqlalchemy.engine.Engine - INFO - [raw sql] ()
2025-12-26 11:02:49,829 - sqlalchemy.engine.Engine - INFO - DESCRIBE `socialconnect`.`story_views`
2025-12-26 11:02:49,829 - sqlalchemy.engine.Engine - INFO - [raw sql] ()
2025-12-26 11:02:49,900 - sqlalchemy.engine.Engine - INFO - DESCRIBE `socialconnect`.`conversations`
2025-12-26 11:02:49,901 - sqlalchemy.engine.Engine - INFO - [raw sql] ()
2025-12-26 11:02:49,987 - sqlalchemy.engine.Engine - INFO - DESCRIBE `socialconnect`.`conversation_members`
2025-12-26 11:02:49,987 - sqlalchemy.engine.Engine - INFO - [raw sql] ()
2025-12-26 11:02:50,063 - watchfiles.main - INFO - 1 change detected
2025-12-26 11:02:50,065 - sqlalchemy.engine.Engine - INFO - DESCRIBE `socialconnect`.`messages`
2025-12-26 11:02:50,065 - sqlalchemy.engine.Engine - INFO - [raw sql] ()
2025-12-26 11:02:50,132 - sqlalchemy.engine.Engine - INFO - COMMIT
2025-12-26 11:02:50,275 - app.main - INFO - Database tables created
2025-12-26 11:02:50,275 - app.main - INFO - Uploads directory: uploads
2025-12-26 11:02:50,276 - app.main - INFO - Background tasks started
2025-12-26 11:02:50,345 - sqlalchemy.engine.Engine - INFO - BEGIN (implicit)
2025-12-26 11:02:50,375 - sqlalchemy.engine.Engine - INFO - SELECT stories.id, stories.user_id, stories.content, stories.image_url, stories.created_at, stories.expires_at 
FROM stories 
WHERE stories.expires_at < %s
2025-12-26 11:02:50,375 - sqlalchemy.engine.Engine - INFO - [generated in 0.00023s] (datetime.datetime(2025, 12, 26, 5, 32, 50, 276319),)
2025-12-26 11:02:50,414 - watchfiles.main - INFO - 1 change detected
2025-12-26 11:02:50,443 - sqlalchemy.engine.Engine - INFO - ROLLBACK
2025-12-26 11:02:50,765 - watchfiles.main - INFO - 1 change detected
2025-12-26 11:02:51,116 - watchfiles.main - INFO - 1 change detected
2025-12-26 11:02:51,467 - watchfiles.main - INFO - 1 change detected
2025-12-26 11:02:51,818 - watchfiles.main - INFO - 1 change detected
2025-12-26 11:02:52,169 - watchfiles.main - INFO - 1 change detected
2025-12-26 11:02:52,520 - watchfiles.main - INFO - 1 change detected
2025-12-26 11:02:52,871 - watchfiles.main - INFO - 1 change detected
2025-12-26 11:02:53,222 - watchfiles.main - INFO - 1 change detected
2025-12-26 11:02:53,573 - watchfiles.main - INFO - 1 change detected
2025-12-26 11:02:53,924 - watchfiles.main - INFO - 1 change detected
2025-12-26 11:02:54,275 - watchfiles.main - INFO - 1 change detected
2025-12-26 11:02:54,626 - watchfiles.main - INFO - 1 change detected
2025-12-26 11:02:54,977 - watchfiles.main - INFO - 1 change detected
2025-12-26 11:02:55,328 - watchfiles.main - INFO - 1 change detected
2025-12-26 11:02:55,680 - watchfiles.main - INFO - 1 change detected
2025-12-26 11:02:56,031 - watchfiles.main - INFO - 1 change detected
2025-12-26 11:02:56,382 - watchfiles.main - INFO - 1 change detected
2025-12-26 11:02:56,733 - watchfiles.main - INFO - 1 change detected
2025-12-26 11:02:57,084 - watchfiles.main - INFO - 1 change detected
2025-12-26 11:02:57,436 - watchfiles.main - INFO - 1 change detected
2025-12-26 11:02:57,788 - watchfiles.main - INFO - 1 change detected
2025-12-26 11:02:58,139 - watchfiles.main - INFO - 1 change detected
2025-12-26 11:02:58,490 - watchfiles.main - INFO - 1 change detected
2025-12-26 11:02:58,841 - watchfiles.main - INFO - 1 change detected
2025-12-26 11:02:59,192 - watchfiles.main - INFO - 1 change detected
2025-12-26 11:02:59,543 - watchfiles.main - INFO - 1 change detected
2025-12-26 11:02:59,894 - watchfiles.main - INFO - 1 change detected
2025-12-26 11:03:00,245 - watchfiles.main - INFO - 1 change detected
2025-12-26 11:03:00,596 - watchfiles.main - INFO - 1 change detected
2025-12-26 11:03:00,947 - watchfiles.main - INFO - 1 change detected
2025-12-26 11:03:01,298 - watchfiles.main - INFO - 1 change detected
2025-12-26 11:03:01,650 - watchfiles.main - INFO - 1 change detected
2025-12-26 11:03:02,001 - watchfiles.main - INFO - 1 change detected
2025-12-26 11:03:02,352 - watchfiles.main - INFO - 1 change detected
2025-12-26 11:03:02,704 - watchfiles.main - INFO - 1 change detected
2025-12-26 11:03:03,055 - watchfiles.main - INFO - 1 change detected
2025-12-26 11:03:03,406 - watchfiles.main - INFO - 1 change detected
2025-12-26 11:03:03,757 - watchfiles.main - INFO - 1 change detected
2025-12-26 11:03:04,109 - watchfiles.main - INFO - 1 change detected
2025-12-26 11:03:04,460 - watchfiles.main - INFO - 1 change detected
2025-12-26 11:03:04,812 - watchfiles.main - INFO - 1 change detected
2025-12-26 11:03:05,163 - watchfiles.main - INFO - 1 change detected
2025-12-26 11:03:05,438 - app.main - INFO - Shutting down...
2025-12-26 11:04:07,819 - __main__ - INFO - Starting Nexa on port 8000
2025-12-26 11:04:08,313 - app.main - INFO - Starting up Nexa backend...
2025-12-26 11:04:08,374 - watchfiles.main - INFO - 1 change detected
2025-12-26 11:04:08,725 - watchfiles.main - INFO - 1 change detected
2025-12-26 11:04:09,011 - sqlalchemy.engine.Engine - INFO - SELECT DATABASE()
2025-12-26 11:04:09,011 - sqlalchemy.engine.Engine - INFO - [raw sql] ()
2025-12-26 11:04:09,076 - watchfiles.main - INFO - 1 change detected
2025-12-26 11:04:09,148 - sqlalchemy.engine.Engine - INFO - SELECT @@sql_mode
2025-12-26 11:04:09,149 - sqlalchemy.engine.Engine - INFO - [raw sql] ()
2025-12-26 11:04:09,215 - sqlalchemy.engine.Engine - INFO - SELECT @@lower_case_table_names
2025-12-26 11:04:09,215 - sqlalchemy.engine.Engine - INFO - [raw sql] ()
2025-12-26 11:04:09,370 - sqlalchemy.engine.Engine - INFO - BEGIN (implicit)
2025-12-26 11:04:09,371 - sqlalchemy.engine.Engine - INFO - DESCRIBE `socialconnect`.`users`
2025-12-26 11:04:09,371 - sqlalchemy.engine.Engine - INFO - [raw sql] ()
2025-12-26 11:04:09,427 - watchfiles.main - INFO - 1 change detected
2025-12-26 11:04:09,442 - sqlalchemy.engine.Engine - INFO - DESCRIBE `socialconnect`.`follows`
2025-12-26 11:04:09,443 - sqlalchemy.engine.Engine - INFO - [raw sql] ()
2025-12-26 11:04:09,521 - sqlalchemy.engine.Engine - INFO - DESCRIBE `socialconnect`.`posts`
2025-12-26 11:04:09,521 - sqlalchemy.engine.Engine - INFO - [raw sql] ()
2025-12-26 11:04:09,590 - sqlalchemy.engine.Engine - INFO - DESCRIBE `socialconnect`.`likes`
2025-12-26 11:04:09,590 - sqlalchemy.engine.Engine - INFO - [raw sql] ()
2025-12-26 11:04:09,680 - sqlalchemy.engine.Engine - INFO - DESCRIBE `socialconnect`.`comments`
2025-12-26 11:04:09,680 - sqlalchemy.engine.Engine - INFO - [raw sql] ()
2025-12-26 11:04:09,746 - sqlalchemy.engine.Engine - INFO - DESCRIBE `socialconnect`.`notifications`
2025-12-26 11:04:09,746 - sqlalchemy.engine.Engine - INFO - [raw sql] ()
2025-12-26 11:04:09,778 - watchfiles.main - INFO - 1 change detected
2025-12-26 11:04:09,810 - sqlalchemy.engine.Engine - INFO - DESCRIBE `socialconnect`.`stories`
2025-12-26 11:04:09,810 - sqlalchemy.engine.Engine - INFO - [raw sql] ()
2025-12-26 11:04:09,876 - sqlalchemy.engine.Engine - INFO - DESCRIBE `socialconnect`.`story_views`
2025-12-26 11:04:09,876 - sqlalchemy.engine.Engine - INFO - [raw sql] ()
2025-12-26 11:04:09,963 - sqlalchemy.engine.Engine - INFO - DESCRIBE `socialconnect`.`conversations`
2025-12-26 11:04:09,963 - sqlalchemy.engine.Engine - INFO - [raw sql] ()
2025-12-26 11:04:10,029 - sqlalchemy.engine.Engine - INFO - DESCRIBE `socialconnect`.`conversation_members`
2025-12-26 11:04:10,030 - sqlalchemy.engine.Engine - INFO - [raw sql] ()
2025-12-26 11:04:10,100 - sqlalchemy.engine.Engine - INFO - DESCRIBE `socialconnect`.`messages`
2025-12-26 11:04:10,100 - sqlalchemy.engine.Engine - INFO - [raw sql] ()
2025-12-26 11:04:10,129 - watchfiles.main - INFO - 1 change detected
2025-12-26 11:04:10,173 - sqlalchemy.engine.Engine - INFO - COMMIT
2025-12-26 11:04:10,363 - app.main - INFO - Database tables created
2025-12-26 11:04:10,363 - app.main - INFO - Uploads directory: uploads
2025-12-26 11:04:10,363 - app.main - INFO - Background tasks started
2025-12-26 11:04:10,457 - sqlalchemy.engine.Engine - INFO - BEGIN (implicit)
2025-12-26 11:04:10,480 - watchfiles.main - INFO - 1 change detected
2025-12-26 11:04:10,486 - sqlalchemy.engine.Engine - INFO - SELECT stories.id, stories.user_id, stories.content, stories.image_url, stories.created_at, stories.expires_at 
FROM stories 
WHERE stories.expires_at < %s
2025-12-26 11:04:10,487 - sqlalchemy.engine.Engine - INFO - [generated in 0.00041s] (datetime.datetime(2025, 12, 26, 5, 34, 10, 364077),)
2025-12-26 11:04:10,575 - sqlalchemy.engine.Engine - INFO - ROLLBACK
2025-12-26 11:04:10,831 - watchfiles.main - INFO - 1 change detected
2025-12-26 11:04:11,182 - watchfiles.main - INFO - 1 change detected
2025-12-26 11:04:11,533 - watchfiles.main - INFO - 1 change detected
2025-12-26 11:04:11,884 - watchfiles.main - INFO - 1 change detected
2025-12-26 11:04:12,236 - watchfiles.main - INFO - 1 change detected
2025-12-26 11:04:12,587 - watchfiles.main - INFO - 1 change detected
2025-12-26 11:04:12,938 - watchfiles.main - INFO - 1 change detected
2025-12-26 11:04:13,290 - watchfiles.main - INFO - 1 change detected
2025-12-26 11:04:13,641 - watchfiles.main - INFO - 1 change detected
2025-12-26 11:04:13,992 - watchfiles.main - INFO - 1 change detected
2025-12-26 11:04:14,344 - watchfiles.main - INFO - 1 change detected
2025-12-26 11:04:14,695 - watchfiles.main - INFO - 1 change detected
2025-12-26 11:04:15,046 - watchfiles.main - INFO - 1 change detected
2025-12-26 11:04:15,397 - watchfiles.main - INFO - 1 change detected
2025-12-26 11:04:15,748 - watchfiles.main - INFO - 1 change detected
2025-12-26 11:04:16,099 - watchfiles.main - INFO - 1 change detected
2025-12-26 11:04:16,451 - watchfiles.main - INFO - 1 change detected
2025-12-26 11:04:16,802 - watchfiles.main - INFO - 1 change detected
2025-12-26 11:04:17,154 - watchfiles.main - INFO - 1 change detected
2025-12-26 11:04:17,505 - watchfiles.main - INFO - 1 change detected
2025-12-26 11:04:17,856 - watchfiles.main - INFO - 1 change detected
2025-12-26 11:04:18,207 - watchfiles.main - INFO - 1 change detected
2025-12-26 11:04:18,558 - watchfiles.main - INFO - 1 change detected
2025-12-26 11:04:18,909 - watchfiles.main - INFO - 1 change detected
2025-12-26 11:04:19,261 - watchfiles.main - INFO - 1 change detected
2025-12-26 11:04:19,612 - watchfiles.main - INFO - 1 change detected
2025-12-26 11:04:19,963 - watchfiles.main - INFO - 1 change detected
2025-12-26 11:04:20,314 - watchfiles.main - INFO - 1 change detected
2025-12-26 11:04:20,666 - watchfiles.main - INFO - 1 change detected
2025-12-26 11:04:21,018 - watchfiles.main - INFO - 1 change detected
2025-12-26 11:04:21,369 - watchfiles.main - INFO - 1 change detected
2025-12-26 11:04:21,720 - watchfiles.main - INFO - 1 change detected
2025-12-26 11:04:22,071 - watchfiles.main - INFO - 1 change detected
2025-12-26 11:04:22,422 - watchfiles.main - INFO - 1 change detected
2025-12-26 11:04:22,772 - watchfiles.main - INFO - 1 change detected
2025-12-26 11:04:23,123 - watchfiles.main - INFO - 1 change detected
2025-12-26 11:04:23,474 - watchfiles.main - INFO - 1 change detected
2025-12-26 11:04:23,824 - watchfiles.main - INFO - 1 change detected
2025-12-26 11:04:24,175 - watchfiles.main - INFO - 1 change detected
2025-12-26 11:04:24,526 - watchfiles.main - INFO - 1 change detected
2025-12-26 11:04:24,877 - watchfiles.main - INFO - 1 change detected
2025-12-26 11:04:25,228 - watchfiles.main - INFO - 1 change detected
2025-12-26 11:04:25,579 - watchfiles.main - INFO - 1 change detected
2025-12-26 11:04:25,930 - watchfiles.main - INFO - 1 change detected
2025-12-26 11:04:26,280 - watchfiles.main - INFO - 1 change detected
2025-12-26 11:04:26,631 - watchfiles.main - INFO - 1 change detected
2025-12-26 11:04:26,982 - watchfiles.main - INFO - 1 change detected
2025-12-26 11:04:27,333 - watchfiles.main - INFO - 1 change detected
2025-12-26 11:04:27,684 - watchfiles.main - INFO - 1 change detected
2025-12-26 11:04:28,035 - watchfiles.main - INFO - 1 change detected
2025-12-26 11:04:28,386 - watchfiles.main - INFO - 1 change detected
2025-12-26 11:04:28,737 - watchfiles.main - INFO - 1 change detected
2025-12-26 11:04:29,088 - watchfiles.main - INFO - 1 change detected
2025-12-26 11:04:29,439 - watchfiles.main - INFO - 1 change detected
2025-12-26 11:04:29,790 - watchfiles.main - INFO - 1 change detected
2025-12-26 11:04:30,141 - watchfiles.main - INFO - 1 change detected
2025-12-26 11:04:30,492 - watchfiles.main - INFO - 1 change detected
2025-12-26 11:04:30,843 - watchfiles.main - INFO - 1 change detected
2025-12-26 11:04:31,194 - watchfiles.main - INFO - 1 change detected
2025-12-26 11:04:31,545 - watchfiles.main - INFO - 1 change detected
2025-12-26 11:04:31,896 - watchfiles.main - INFO - 1 change detected
2025-12-26 11:04:32,247 - watchfiles.main - INFO - 1 change detected
2025-12-26 11:04:32,599 - watchfiles.main - INFO - 1 change detected
2025-12-26 11:04:32,950 - watchfiles.main - INFO - 1 change detected
2025-12-26 11:04:33,301 - watchfiles.main - INFO - 1 change detected
2025-12-26 11:04:33,652 - watchfiles.main - INFO - 1 change detected
2025-12-26 11:04:34,003 - watchfiles.main - INFO - 1 change detected
2025-12-26 11:04:34,354 - watchfiles.main - INFO - 1 change detected
2025-12-26 11:04:34,704 - watchfiles.main - INFO - 1 change detected
2025-12-26 11:04:35,056 - watchfiles.main - INFO - 1 change detected
2025-12-26 11:04:35,406 - watchfiles.main - INFO - 1 change detected
2025-12-26 11:04:35,757 - watchfiles.main - INFO - 1 change detected
2025-12-26 11:04:36,162 - app.main - INFO - Shutting down...
